// Jest Snapshot v1, https://goo.gl/fbAQLP

exports[`Jest Snapshot testing suite Matches DOM Snapshot 1`] = `
<div
  className="container"
>
  <p>
    Please enter a repo!
  </p>
</div>
`;
